app/controllers/admin_users_controller.ts(3,1): error TS6133: 'hash' is declared but its value is never read.
app/controllers/session_controller.ts(19,33): error TS2345: Argument of type '["session.create"]' is not assignable to parameter of type '[identifier: "agenda" | "allContent" | "cellules" | "contact" | "donation" | "evenements" | "gallery" | "home" | "media" | "ministries" | "rendez-vous" | "apropos" | "activites.detail" | ... 13 more ... | "admin.donations", params?: {} | ... 1 more ... | undefined, options?: URLOptions | undefined] | [identifier: .....'.
  Type '["session.create"]' is not assignable to type '[identifier: "agenda" | "allContent" | "cellules" | "contact" | "donation" | "evenements" | "gallery" | "home" | "media" | "ministries" | "rendez-vous" | "apropos" | "activites.detail" | ... 13 more ... | "admin.donations", params?: {} | ... 1 more ... | undefined, options?: URLOptions | undefined]'.
    Type at position 0 in source is not compatible with type at position 0 in target.
      Type '"session.create"' is not assignable to type '"agenda" | "allContent" | "cellules" | "contact" | "donation" | "evenements" | "gallery" | "home" | "media" | "ministries" | "rendez-vous" | "apropos" | "activites.detail" | ... 13 more ... | "admin.donations"'.
